module.exports = {
  PORT: 3001,
  POLL_INTERVAL: 1000,

  // 20 Majör Parite ($100 Margin, 3X)
  MAJOR_SYMBOLS: [
    "BTCUSDT", "ETHUSDT", "BNBUSDT", "SOLUSDT", 
    "XRPUSDT", "DOGEUSDT", "ADAUSDT", "SUIUSDT", 
    "AVAXUSDT", "LINKUSDT", "XLMUSDT", "LTCUSDT", 
    "DOTUSDT", "UNIUSDT", "BCHUSDT", "TRXUSDT", 
    "ETCUSDT", "ATOMUSDT", "NEARUSDT", "POLUSDT"
  ],

  // 30 Avcı Parite ($60 Margin, 3X)
  HUNTER_SYMBOLS: [
    "APTUSDT", "SEIUSDT", "INJUSDT", "TIAUSDT", 
    "RENDERUSDT", "FETUSDT", "TAOUSDT", "WLDUSDT", 
    "ARBUSDT", "OPUSDT", "PEPEUSDT", "SHIBUSDT", 
    "AAVEUSDT", "FILUSDT", "ICPUSDT", "KASUSDT", 
    "CRVUSDT", "STXUSDT", "GALAUSDT", "FTMUSDT",
    "DYDXUSDT", "RUNEUSDT", "SANDUSDT", "MANAUSDT",
    "AXSUSDT", "LDOUSDT", "BLURUSDT", "ENSUSDT",
    "FLOWUSDT", "CHZUSDT"
  ],

  BALON_BLACKLIST: [
    "GTCUSDT","NIGHTUSDT","ZROUSDT","BATUSDT","STGUSDT",
    "MAGICUSDT","SKYUSDT","APEUSDT","ENJUSDT","MOVRUSDT",
    "OPNUSDT","FLOCKUSDT","MONUSDT","SYNUSDT","CTUSDT","CAPUSDT",
    "LYNUSDT","BTWUSDT","USUSDT"
  ],

  LIMITS: {
    MAX_TOTAL_SLOTS: 50,
    MAX_MAJOR_SLOTS: 20,
    MAX_HUNTER_SLOTS: 30
  },

  STRATEGY: {
    MAJOR_MARGIN: 100.0,
    HUNTER_MARGIN: 60.0,
    LEVERAGE: 3,
    TP_TARGET_USD: 1.00,
    COMMISSION_ESTIMATE: 0.09
  },

  INITIAL_BALANCE: 10000.00
};
