{
  "stats": {
    "currentTotalEquity": 10000,
    "freeMargin": 9260,
    "usedMargin": 740,
    "liveUnrealizedPnl": -2.58,
    "todayClosedPnl": 0,
    "totalClosedPnl": 0,
    "todayLossPnl": 0,
    "todayTrades": 0,
    "totalTrades": 0,
    "bnbBalance": 1
  },
  "positions": {
    "ETHUSDT": {
      "symbol": "ETHUSDT",
      "inPosition": true,
      "type": "MAJOR",
      "side": "SHORT",
      "entryPrice": 2676.36,
      "avgPrice": 2676.36,
      "markPrice": 2676.62,
      "totalMargin": 100,
      "margin": 100,
      "totalQty": 0.1121,
      "leverage": 3,
      "dcaStep": 0,
      "dcaCount": 0,
      "livePnl": -0.33,
      "unrealizedPnl": -0.33,
      "openTime": "06:26:02",
      "curPrice": 2676.62,
      "minPnl": -0.33,
      "maxPnl": -0.31
    },
    "BNBUSDT": {
      "symbol": "BNBUSDT",
      "inPosition": true,
      "type": "MAJOR",
      "side": "LONG",
      "entryPrice": 766.47,
      "avgPrice": 766.47,
      "markPrice": 766.66,
      "totalMargin": 100,
      "margin": 100,
      "totalQty": 0.3914,
      "leverage": 3,
      "dcaStep": 0,
      "dcaCount": 0,
      "livePnl": -0.23,
      "unrealizedPnl": -0.23,
      "openTime": "06:26:02",
      "curPrice": 766.66,
      "minPnl": -0.32,
      "maxPnl": -0.23
    },
    "SOLUSDT": {
      "symbol": "SOLUSDT",
      "inPosition": true,
      "type": "MAJOR",
      "side": "SHORT",
      "entryPrice": 119.62,
      "avgPrice": 119.62,
      "markPrice": 119.63,
      "totalMargin": 100,
      "margin": 100,
      "totalQty": 2.5079,
      "leverage": 3,
      "dcaStep": 0,
      "dcaCount": 0,
      "livePnl": -0.33,
      "unrealizedPnl": -0.33,
      "openTime": "06:26:02",
      "curPrice": 119.63,
      "minPnl": -0.33,
      "maxPnl": -0.3
    },
    "AVAXUSDT": {
      "symbol": "AVAXUSDT",
      "inPosition": true,
      "type": "MAJOR",
      "side": "SHORT",
      "entryPrice": 10.896,
      "avgPrice": 10.896,
      "markPrice": 10.9,
      "totalMargin": 100,
      "margin": 100,
      "totalQty": 27.533,
      "leverage": 3,
      "dcaStep": 0,
      "dcaCount": 0,
      "livePnl": -0.41,
      "unrealizedPnl": -0.41,
      "openTime": "06:26:02",
      "curPrice": 10.9,
      "minPnl": -0.41,
      "maxPnl": -0.33
    },
    "LINKUSDT": {
      "symbol": "LINKUSDT",
      "inPosition": true,
      "type": "MAJOR",
      "side": "SHORT",
      "entryPrice": 14.066,
      "avgPrice": 14.066,
      "markPrice": 14.072,
      "totalMargin": 100,
      "margin": 100,
      "totalQty": 21.328,
      "leverage": 3,
      "dcaStep": 0,
      "dcaCount": 0,
      "livePnl": -0.43,
      "unrealizedPnl": -0.43,
      "openTime": "06:26:02",
      "curPrice": 14.072,
      "minPnl": -0.43,
      "maxPnl": -0.26
    },
    "APTUSDT": {
      "symbol": "APTUSDT",
      "inPosition": true,
      "type": "HUNTER",
      "side": "LONG",
      "entryPrice": 0.7959,
      "avgPrice": 0.7959,
      "markPrice": 0.7959,
      "totalMargin": 60,
      "margin": 60,
      "totalQty": 226.1591,
      "leverage": 3,
      "dcaStep": 0,
      "dcaCount": 0,
      "livePnl": -0.18,
      "unrealizedPnl": -0.18,
      "openTime": "06:26:02",
      "curPrice": 0.7959,
      "minPnl": -0.23,
      "maxPnl": -0.16
    },
    "INJUSDT": {
      "symbol": "INJUSDT",
      "inPosition": true,
      "type": "HUNTER",
      "side": "LONG",
      "entryPrice": 7.703,
      "avgPrice": 7.703,
      "markPrice": 7.704,
      "totalMargin": 60,
      "margin": 60,
      "totalQty": 23.3675,
      "leverage": 3,
      "dcaStep": 0,
      "dcaCount": 0,
      "livePnl": -0.16,
      "unrealizedPnl": -0.16,
      "openTime": "06:26:02",
      "curPrice": 7.704,
      "minPnl": -0.16,
      "maxPnl": -0.09
    },
    "RENDERUSDT": {
      "symbol": "RENDERUSDT",
      "inPosition": true,
      "type": "HUNTER",
      "side": "LONG",
      "entryPrice": 1.945,
      "avgPrice": 1.945,
      "markPrice": 1.944,
      "totalMargin": 60,
      "margin": 60,
      "totalQty": 92.545,
      "leverage": 3,
      "dcaStep": 0,
      "dcaCount": 0,
      "livePnl": -0.27,
      "unrealizedPnl": -0.27,
      "openTime": "06:26:02",
      "curPrice": 1.944,
      "minPnl": -0.27,
      "maxPnl": -0.09
    },
    "OPUSDT": {
      "symbol": "OPUSDT",
      "inPosition": true,
      "type": "HUNTER",
      "side": "LONG",
      "entryPrice": 0.13056,
      "avgPrice": 0.13056,
      "markPrice": 0.13052,
      "totalMargin": 60,
      "margin": 60,
      "totalQty": 1378.6765,
      "leverage": 3,
      "dcaStep": 0,
      "dcaCount": 0,
      "livePnl": -0.24,
      "unrealizedPnl": -0.24,
      "openTime": "06:26:02",
      "curPrice": 0.13052,
      "minPnl": -0.24,
      "maxPnl": -0.17
    }
  },
  "history": []
}